#-----------------------------------------------------------
# Vivado v2021.2 (64-bit)
# SW Build 3367213 on Tue Oct 19 02:47:39 MDT 2021
# IP Build 3369179 on Thu Oct 21 08:25:16 MDT 2021
# Start of session at: Mon Apr 18 17:34:19 2022
# Process ID: 1805632
# Current directory: /home/mike/Desktop/ProjectVersions/projectsave0/Zybo-Z7-20-pcam-5c-2019.1/vivado_proj/Zybo-Z7-20-pcam-5c.runs/system_motor_steer_ctrl_0_1_synth_1
# Command line: vivado -log system_motor_steer_ctrl_0_1.vds -product Vivado -mode batch -messageDb vivado.pb -notrace -source system_motor_steer_ctrl_0_1.tcl
# Log file: /home/mike/Desktop/ProjectVersions/projectsave0/Zybo-Z7-20-pcam-5c-2019.1/vivado_proj/Zybo-Z7-20-pcam-5c.runs/system_motor_steer_ctrl_0_1_synth_1/system_motor_steer_ctrl_0_1.vds
# Journal file: /home/mike/Desktop/ProjectVersions/projectsave0/Zybo-Z7-20-pcam-5c-2019.1/vivado_proj/Zybo-Z7-20-pcam-5c.runs/system_motor_steer_ctrl_0_1_synth_1/vivado.jou
# Running On: pioneer, OS: Linux, CPU Frequency: 3400.000 MHz, CPU Physical cores: 32, Host memory: 67340 MB
#-----------------------------------------------------------
source system_motor_steer_ctrl_0_1.tcl -notrace
