#-----------------------------------------------------------
# Vivado v2021.2 (64-bit)
# SW Build 3367213 on Tue Oct 19 02:47:39 MDT 2021
# IP Build 3369179 on Thu Oct 21 08:25:16 MDT 2021
# Start of session at: Sat Apr 16 00:48:50 2022
# Process ID: 26272
# Current directory: /home/mike/Desktop/projectcopy2/Zybo-Z7-20-pcam-5c-2019.1/ip_repo/edit_videoprocessor_v1_0.runs/synth_1
# Command line: vivado -log videoprocessor_v1_0.vds -product Vivado -mode batch -messageDb vivado.pb -notrace -source videoprocessor_v1_0.tcl
# Log file: /home/mike/Desktop/projectcopy2/Zybo-Z7-20-pcam-5c-2019.1/ip_repo/edit_videoprocessor_v1_0.runs/synth_1/videoprocessor_v1_0.vds
# Journal file: /home/mike/Desktop/projectcopy2/Zybo-Z7-20-pcam-5c-2019.1/ip_repo/edit_videoprocessor_v1_0.runs/synth_1/vivado.jou
# Running On: pioneer, OS: Linux, CPU Frequency: 3400.000 MHz, CPU Physical cores: 32, Host memory: 67340 MB
#-----------------------------------------------------------
source videoprocessor_v1_0.tcl -notrace
